   Ôû▓ Next.js 15.5.9

   Creating an optimized production build ...
node.exe : Failed to compile.
In Zeile:1 Zeichen:1
+ & "C:\Program Files\nodejs/node.exe" "C:\Program Files\nodejs/node_mo ...
+ ~~~~~~~~~~~~~~~~~~~~~~~~~~~~~~~~~~~~~~~~~~~~~~~~~~~~~~~~~~~~~~~~~~~~~
    + CategoryInfo          : NotSpecified: (Failed to compile.:String) [], Re 
   moteException
    + FullyQualifiedErrorId : NativeCommandError
 

./src/components/settings/settings-client-content.tsx
Module not found: Package path ./link is not exported from package 
C:\Users\Razorstorm\Coding\AckerPlanPro\AckerPlan-Pro\node_modules\next-intl 
(see exports field in C:\Users\Razorstorm\Coding\AckerPlanPro\AckerPlan-Pro\nod
e_modules\next-intl\package.json)

https://nextjs.org/docs/messages/module-not-found


> Build failed because of webpack errors
